// Jest Snapshot v1, https://goo.gl/fbAQLP

exports[`renders the Categories data renders properly 1`] = `
<div
  className="categories"
/>
`;
