// Jest Snapshot v1, https://goo.gl/fbAQLP

exports[`renders properly the Details page renders correctly 1`] = `<detailsProvider />`;
